#-----------------------------------------------------------
# Vivado v2025.2 (64-bit)
# SW Build 6299465 on Fri Nov 14 19:35:11 GMT 2025
# IP Build 6300035 on Fri Nov 14 10:48:45 MST 2025
# SharedData Build 6298862 on Thu Nov 13 04:50:51 MST 2025
# Start of session at: Mon Apr 20 00:52:30 2026
# Process ID         : 15192
# Current directory  : C:/Users/purushottam/Desktop/hw/risc_v_2
# Command line       : vivado.exe -mode batch -source build.tcl
# Log file           : C:/Users/purushottam/Desktop/hw/risc_v_2/vivado.log
# Journal file       : C:/Users/purushottam/Desktop/hw/risc_v_2\vivado.jou
# Running On         : DESKTOP-828PQJS
# Platform           : Windows Server 2016 or Windows 10
# Operating System   : 26200
# Processor Detail   : AMD Ryzen 7 5700U with Radeon Graphics         
# CPU Frequency      : 1797 MHz
# CPU Physical cores : 8
# CPU Logical cores  : 16
# Host memory        : 16471 MB
# Swap memory        : 5064 MB
# Total Virtual      : 21535 MB
# Available Virtual  : 4434 MB
#-----------------------------------------------------------
source build.tcl
