Copyright 1986-2022 Xilinx, Inc. All Rights Reserved. Copyright 2022-2025 Advanced Micro Devices, Inc. All Rights Reserved.
---------------------------------------------------------------------------------------------------------------------------------------------
| Tool Version : Vivado v.2025.2 (win64) Build 6299465 Fri Nov 14 19:35:11 GMT 2025
| Date         : Thu Apr 23 14:05:50 2026
| Host         : RuchirSharma running 64-bit major release  (build 9200)
| Command      : report_control_sets -verbose -file top_fpga_control_sets_placed.rpt
| Design       : top_fpga
| Device       : xc7a100t
---------------------------------------------------------------------------------------------------------------------------------------------

Control Set Information

Table of Contents
-----------------
1. Summary
2. Histogram
3. Flip-Flop Distribution
4. Detailed Control Set Information

1. Summary
----------

+----------------------------------------------------------+-------+
|                          Status                          | Count |
+----------------------------------------------------------+-------+
| Total control sets                                       |   131 |
|    Minimum number of control sets                        |   131 |
|    Addition due to synthesis replication                 |     0 |
|    Addition due to physical synthesis replication        |     0 |
| Unused register locations in slices containing registers |    62 |
+----------------------------------------------------------+-------+
* Control sets can be merged at opt_design using control_set_merge or merge_equivalent_drivers
** Run report_qor_suggestions for automated merging and remapping suggestions


2. Histogram
------------

+--------------------+-------+
|       Fanout       | Count |
+--------------------+-------+
| Total control sets |   131 |
| >= 0 to < 4        |     0 |
| >= 4 to < 6        |     1 |
| >= 6 to < 8        |     2 |
| >= 8 to < 10       |     8 |
| >= 10 to < 12      |     4 |
| >= 12 to < 14      |    16 |
| >= 14 to < 16      |     0 |
| >= 16              |   100 |
+--------------------+-------+
* Control sets can be remapped at either synth_design or opt_design


3. Flip-Flop Distribution
-------------------------

+--------------+-----------------------+------------------------+-----------------+--------------+
| Clock Enable | Synchronous Set/Reset | Asynchronous Set/Reset | Total Registers | Total Slices |
+--------------+-----------------------+------------------------+-----------------+--------------+
| No           | No                    | No                     |              30 |           20 |
| No           | No                    | Yes                    |             110 |           48 |
| No           | Yes                   | No                     |              18 |           11 |
| Yes          | No                    | No                     |             200 |           67 |
| Yes          | No                    | Yes                    |            1645 |          864 |
| Yes          | Yes                   | No                     |            2847 |         1203 |
+--------------+-----------------------+------------------------+-----------------+--------------+


4. Detailed Control Set Information
-----------------------------------

+----------------+-----------------------------------------------------------------+-------------------------------------------+------------------+----------------+--------------+
|  Clock Signal  |                          Enable Signal                          |              Set/Reset Signal             | Slice Load Count | Bel Load Count | Bels / Slice |
+----------------+-----------------------------------------------------------------+-------------------------------------------+------------------+----------------+--------------+
|  clk_IBUF_BUFG | UART_INST/rx_ticks[0]                                           | UART_INST/tx_fifo/reset                   |                1 |              4 |         4.00 |
|  clk_IBUF_BUFG | pipe_u/u_ex_mem_reg/ex_result_o_reg[29]_5                       | pipe_u/u_ex_mem_reg/ex_result_o_reg[28]_0 |                4 |              6 |         1.50 |
|  clk_IBUF_BUFG | pipe_u/u_ex_stage/u_mult_div/counter[0]                         | boot_inst/p_0_in                          |                2 |              6 |         3.00 |
|  clk_IBUF_BUFG | HW_CORDIC/s_axi_awready0                                        | boot_inst/p_0_in                          |                1 |              8 |         8.00 |
|  clk_IBUF_BUFG | HW_SYSTOLIC/s_axi_awready0                                      | boot_inst/p_0_in                          |                2 |              8 |         4.00 |
|  clk_IBUF_BUFG | UART_INST/uart_rx_ready                                         |                                           |                1 |              8 |         8.00 |
|  clk_IBUF_BUFG | pipe_u/u_ex_mem_reg/FSM_sequential_state_reg[2]_0[0]            | boot_inst/p_0_in                          |                3 |              8 |         2.67 |
|  clk_IBUF_BUFG | pipe_u/u_ex_mem_reg/FSM_sequential_state_reg[2][0]              | boot_inst/p_0_in                          |                3 |              8 |         2.67 |
|  clk_IBUF_BUFG | UART_INST/rx_shift_reg[0]                                       | UART_INST/tx_fifo/reset                   |                2 |              8 |         4.00 |
|  clk_IBUF_BUFG | UART_INST/rx_data[7]_i_1_n_0                                    | UART_INST/tx_fifo/reset                   |                3 |              8 |         2.67 |
|  clk_IBUF_BUFG | UART_INST/tx_fifo/E[0]                                          | UART_INST/tx_fifo/reset                   |                8 |              8 |         1.00 |
|  clk_IBUF_BUFG | pipe_u/u_ex_stage/u_fpu/exp_res[9]_i_1_n_0                      | boot_inst/p_0_in                          |                6 |             10 |         1.67 |
|  clk_IBUF_BUFG | boot_inst/boot_addr[2]_i_1_n_0                                  | boot_inst/clear                           |                3 |             11 |         3.67 |
|  clk_IBUF_BUFG | pipe_u/u_ex_mem_reg/write_ptr0                                  | UART_INST/tx_fifo/reset                   |                4 |             11 |         2.75 |
|  clk_IBUF_BUFG | UART_INST/tx_fifo/read_ptr0                                     | UART_INST/tx_fifo/reset                   |                4 |             11 |         2.75 |
|  clk_IBUF_BUFG | UART_INST/tx_fifo/memory_reg_320_383_0_2_i_1_n_0                |                                           |                3 |             12 |         4.00 |
|  clk_IBUF_BUFG | UART_INST/tx_fifo/memory_reg_576_639_0_2_i_1_n_0                |                                           |                3 |             12 |         4.00 |
|  clk_IBUF_BUFG | UART_INST/tx_fifo/memory_reg_384_447_0_2_i_1_n_0                |                                           |                3 |             12 |         4.00 |
|  clk_IBUF_BUFG | UART_INST/tx_fifo/memory_reg_256_319_0_2_i_1_n_0                |                                           |                3 |             12 |         4.00 |
|  clk_IBUF_BUFG | UART_INST/tx_fifo/memory_reg_64_127_0_2_i_1_n_0                 |                                           |                3 |             12 |         4.00 |
|  clk_IBUF_BUFG | UART_INST/tx_fifo/memory_reg_512_575_0_2_i_1_n_0                |                                           |                3 |             12 |         4.00 |
|  clk_IBUF_BUFG | UART_INST/tx_fifo/memory_reg_192_255_0_2_i_1_n_0                |                                           |                3 |             12 |         4.00 |
|  clk_IBUF_BUFG | UART_INST/tx_fifo/memory_reg_0_63_0_2_i_4_n_0                   |                                           |                3 |             12 |         4.00 |
|  clk_IBUF_BUFG | UART_INST/tx_fifo/memory_reg_128_191_0_2_i_1_n_0                |                                           |                3 |             12 |         4.00 |
|  clk_IBUF_BUFG | UART_INST/tx_fifo/memory_reg_448_511_0_2_i_1_n_0                |                                           |                3 |             12 |         4.00 |
|  clk_IBUF_BUFG | UART_INST/tx_fifo/memory_reg_832_895_0_2_i_1_n_0                |                                           |                3 |             12 |         4.00 |
|  clk_IBUF_BUFG | UART_INST/tx_fifo/memory_reg_896_959_0_2_i_1_n_0                |                                           |                3 |             12 |         4.00 |
|  clk_IBUF_BUFG | UART_INST/tx_fifo/memory_reg_960_1023_0_2_i_1_n_0               |                                           |                3 |             12 |         4.00 |
|  clk_IBUF_BUFG | UART_INST/tx_fifo/memory_reg_768_831_0_2_i_1_n_0                |                                           |                3 |             12 |         4.00 |
|  clk_IBUF_BUFG | UART_INST/tx_fifo/memory_reg_704_767_0_2_i_1_n_0                |                                           |                3 |             12 |         4.00 |
|  clk_IBUF_BUFG | UART_INST/tx_fifo/memory_reg_640_703_0_2_i_1_n_0                |                                           |                3 |             12 |         4.00 |
|  clk_IBUF_BUFG | pipe_u/u_ex_stage/u_fpu/iter_div[23]_i_1_n_0                    | boot_inst/p_0_in                          |               10 |             24 |         2.40 |
|  clk_IBUF_BUFG | boot_inst/bytes_received[31]_i_1_n_0                            | boot_inst/clear                           |                6 |             30 |         5.00 |
|  clk_IBUF_BUFG |                                                                 |                                           |               20 |             30 |         1.50 |
|  clk_IBUF_BUFG | pipe_u/u_if_id_reg/p_1_in                                       | boot_inst/p_0_in                          |               15 |             32 |         2.13 |
|  clk_IBUF_BUFG | pipe_u/u_mem_wb_reg/dest_reg_sel_o_reg[2]_1[0]                  | boot_inst/p_0_in                          |               16 |             32 |         2.00 |
|  clk_IBUF_BUFG | pipe_u/u_mem_wb_reg/dest_reg_sel_o_reg[1]_9[0]                  | boot_inst/p_0_in                          |               27 |             32 |         1.19 |
|  clk_IBUF_BUFG | axi_master_systolic_inst/axi_rdata[31]_i_1__0_n_0               | boot_inst/p_0_in                          |               11 |             32 |         2.91 |
|  clk_IBUF_BUFG | pipe_u/u_mem_wb_reg/dest_reg_sel_o_reg[1]_11[0]                 | boot_inst/p_0_in                          |               18 |             32 |         1.78 |
|  clk_IBUF_BUFG | pipe_u/u_mem_wb_reg/dest_reg_sel_o_reg[1]_4[0]                  | boot_inst/p_0_in                          |               10 |             32 |         3.20 |
|  clk_IBUF_BUFG | axi_master_inst/axi_rdata[31]_i_1_n_0                           | boot_inst/p_0_in                          |               14 |             32 |         2.29 |
|  clk_IBUF_BUFG | pipe_u/u_mem_wb_reg/dest_reg_sel_o_reg[1]_1[0]                  | boot_inst/p_0_in                          |               22 |             32 |         1.45 |
|  clk_IBUF_BUFG | boot_inst/boot_wdata[31]_i_1_n_0                                | boot_inst/clear                           |               20 |             32 |         1.60 |
|  clk_IBUF_BUFG | boot_inst/E[0]                                                  |                                           |               15 |             32 |         2.13 |
|  clk_IBUF_BUFG | boot_inst/payload_size[0]                                       | boot_inst/clear                           |               11 |             32 |         2.91 |
|  clk_IBUF_BUFG | boot_inst/cpu_reset_reg_0[0]                                    |                                           |               11 |             32 |         2.91 |
|  clk_IBUF_BUFG | HW_SYSTOLIC/s_axi_rdata[31]_i_2_n_0                             | axi_master_systolic_inst/SR[0]            |               13 |             32 |         2.46 |
|  clk_IBUF_BUFG | pipe_u/u_ex_stage/u_fpu/final_res[31]_i_1_n_0                   | boot_inst/p_0_in                          |               19 |             32 |         1.68 |
|  clk_IBUF_BUFG | pipe_u/u_mem_wb_reg/dest_reg_sel_o_reg[0]_2[0]                  | boot_inst/p_0_in                          |               13 |             32 |         2.46 |
|  clk_IBUF_BUFG | pipe_u/u_mem_wb_reg/dest_reg_sel_o_reg[2]_6[0]                  | boot_inst/p_0_in                          |               22 |             32 |         1.45 |
|  clk_IBUF_BUFG | pipe_u/u_mem_wb_reg/dest_reg_sel_o_reg[2]_5[0]                  | boot_inst/p_0_in                          |               13 |             32 |         2.46 |
|  clk_IBUF_BUFG | pipe_u/u_ex_stage/u_mult_div/result[31]_i_1_n_0                 | boot_inst/p_0_in                          |               22 |             32 |         1.45 |
|  clk_IBUF_BUFG | pipe_u/u_mem_wb_reg/dest_reg_sel_o_reg[2]_15[0]                 | boot_inst/p_0_in                          |               18 |             32 |         1.78 |
|  clk_IBUF_BUFG | pipe_u/u_mem_wb_reg/dest_reg_sel_o_reg[2]_4[0]                  | boot_inst/p_0_in                          |               13 |             32 |         2.46 |
|  clk_IBUF_BUFG | pipe_u/u_mem_wb_reg/dest_reg_sel_o_reg[2]_3[0]                  | boot_inst/p_0_in                          |               16 |             32 |         2.00 |
|  clk_IBUF_BUFG | pipe_u/u_ex_stage/u_mult_div/divisor[0]                         | boot_inst/p_0_in                          |               20 |             32 |         1.60 |
|  clk_IBUF_BUFG | pipe_u/u_mem_wb_reg/dest_reg_sel_o_reg[2]_2[0]                  | boot_inst/p_0_in                          |               12 |             32 |         2.67 |
|  clk_IBUF_BUFG | HW_SYSTOLIC/ARRAY/row_gen[0].col_gen[0].PE/waddr_latched_reg[6] |                                           |               10 |             32 |         3.20 |
|  clk_IBUF_BUFG | pipe_u/u_mem_wb_reg/csr_addr_o_reg[5]_0[0]                      | boot_inst/p_0_in                          |               17 |             32 |         1.88 |
|  clk_IBUF_BUFG | pipe_u/u_mem_wb_reg/csr_addr_o_reg[5]_1[0]                      | boot_inst/p_0_in                          |               18 |             32 |         1.78 |
|  clk_IBUF_BUFG | pipe_u/u_mem_wb_reg/dest_reg_sel_o_reg[4]_6[0]                  | boot_inst/p_0_in                          |               25 |             32 |         1.28 |
|  clk_IBUF_BUFG | HW_SYSTOLIC/act_reg[2][31]_i_1_n_0                              |                                           |               11 |             32 |         2.91 |
|  clk_IBUF_BUFG | HW_SYSTOLIC/act_reg[3][31]_i_1_n_0                              |                                           |               11 |             32 |         2.91 |
|  clk_IBUF_BUFG | HW_SYSTOLIC/act_reg[1][31]_i_1_n_0                              |                                           |                8 |             32 |         4.00 |
|  clk_IBUF_BUFG | pipe_u/u_mem_wb_reg/csr_addr_o_reg[5]_2[0]                      | boot_inst/p_0_in                          |               17 |             32 |         1.88 |
|  clk_IBUF_BUFG | pipe_u/u_mem_wb_reg/csr_addr_o_reg[5]_3[0]                      | boot_inst/p_0_in                          |               11 |             32 |         2.91 |
|  clk_IBUF_BUFG | pipe_u/u_mem_wb_reg/dest_reg_sel_o_reg[0]_4[0]                  | boot_inst/p_0_in                          |               22 |             32 |         1.45 |
|  clk_IBUF_BUFG | pipe_u/u_mem_wb_reg/dest_reg_sel_o_reg[2]_10[0]                 | boot_inst/p_0_in                          |               15 |             32 |         2.13 |
|  clk_IBUF_BUFG | pipe_u/u_mem_wb_reg/dest_reg_sel_o_reg[2]_11[0]                 | boot_inst/p_0_in                          |               24 |             32 |         1.33 |
|  clk_IBUF_BUFG | pipe_u/u_mem_wb_reg/dest_reg_sel_o_reg[1]_3[0]                  | boot_inst/p_0_in                          |               16 |             32 |         2.00 |
|  clk_IBUF_BUFG | pipe_u/u_mem_wb_reg/dest_reg_sel_o_reg[0]_0[0]                  | boot_inst/p_0_in                          |               23 |             32 |         1.39 |
|  clk_IBUF_BUFG | pipe_u/u_mem_wb_reg/dest_reg_sel_o_reg[1]_7[0]                  | boot_inst/p_0_in                          |               21 |             32 |         1.52 |
|  clk_IBUF_BUFG | pipe_u/u_mem_wb_reg/dest_reg_sel_o_reg[0]_1[0]                  | boot_inst/p_0_in                          |               12 |             32 |         2.67 |
|  clk_IBUF_BUFG | pipe_u/u_mem_wb_reg/dest_reg_sel_o_reg[1]_0[0]                  | boot_inst/p_0_in                          |               11 |             32 |         2.91 |
|  clk_IBUF_BUFG | pipe_u/u_mem_wb_reg/dest_reg_sel_o_reg[1]_8[0]                  | boot_inst/p_0_in                          |               25 |             32 |         1.28 |
|  clk_IBUF_BUFG | pipe_u/u_mem_wb_reg/dest_reg_sel_o_reg[2]_12[0]                 | boot_inst/p_0_in                          |               29 |             32 |         1.10 |
|  clk_IBUF_BUFG | pipe_u/u_mem_wb_reg/dest_reg_sel_o_reg[2]_13[0]                 | boot_inst/p_0_in                          |               22 |             32 |         1.45 |
|  clk_IBUF_BUFG | pipe_u/u_mem_wb_reg/dest_reg_sel_o_reg[2]_14[0]                 | boot_inst/p_0_in                          |               16 |             32 |         2.00 |
|  clk_IBUF_BUFG | pipe_u/u_mem_wb_reg/dest_reg_sel_o_reg[2]_16[0]                 | boot_inst/p_0_in                          |               19 |             32 |         1.68 |
|  clk_IBUF_BUFG | pipe_u/u_mem_wb_reg/dest_reg_sel_o_reg[4]_2[0]                  | boot_inst/p_0_in                          |               20 |             32 |         1.60 |
|  clk_IBUF_BUFG | pipe_u/u_mem_wb_reg/dest_reg_sel_o_reg[4]_4[0]                  | boot_inst/p_0_in                          |               22 |             32 |         1.45 |
|  clk_IBUF_BUFG | pipe_u/u_mem_wb_reg/dest_reg_sel_o_reg[4]_5[0]                  | boot_inst/p_0_in                          |               15 |             32 |         2.13 |
|  clk_IBUF_BUFG | pipe_u/u_mem_wb_reg/dest_reg_sel_o_reg[4]_11[0]                 | boot_inst/p_0_in                          |               19 |             32 |         1.68 |
|  clk_IBUF_BUFG | pipe_u/u_mem_wb_reg/dest_reg_sel_o_reg[3]_0[0]                  | boot_inst/p_0_in                          |               12 |             32 |         2.67 |
|  clk_IBUF_BUFG | pipe_u/u_mem_wb_reg/dest_reg_sel_o_reg[3]_5[0]                  | boot_inst/p_0_in                          |               15 |             32 |         2.13 |
|  clk_IBUF_BUFG | pipe_u/u_mem_wb_reg/dest_reg_sel_o_reg[4]_13[0]                 | boot_inst/p_0_in                          |               17 |             32 |         1.88 |
|  clk_IBUF_BUFG | pipe_u/u_mem_wb_reg/dest_reg_sel_o_reg[4]_15[0]                 | boot_inst/p_0_in                          |               20 |             32 |         1.60 |
|  clk_IBUF_BUFG | pipe_u/u_mem_wb_reg/dest_reg_sel_o_reg[3]_3[0]                  | boot_inst/p_0_in                          |               21 |             32 |         1.52 |
|  clk_IBUF_BUFG | pipe_u/u_mem_wb_reg/dest_reg_sel_o_reg[4]_3[0]                  | boot_inst/p_0_in                          |               19 |             32 |         1.68 |
|  clk_IBUF_BUFG | pipe_u/u_mem_wb_reg/dest_reg_sel_o_reg[4]_8[0]                  | boot_inst/p_0_in                          |               20 |             32 |         1.60 |
|  clk_IBUF_BUFG | pipe_u/u_mem_wb_reg/dest_reg_sel_o_reg[4]_9[0]                  | boot_inst/p_0_in                          |               18 |             32 |         1.78 |
|  clk_IBUF_BUFG | pipe_u/u_mem_wb_reg/dest_reg_sel_o_reg[3]_6[0]                  | boot_inst/p_0_in                          |               20 |             32 |         1.60 |
|  clk_IBUF_BUFG | pipe_u/u_mem_wb_reg/dest_reg_sel_o_reg[3]_4[0]                  | boot_inst/p_0_in                          |                9 |             32 |         3.56 |
|  clk_IBUF_BUFG | pipe_u/u_mem_wb_reg/dest_reg_sel_o_reg[4]_14[0]                 | boot_inst/p_0_in                          |               19 |             32 |         1.68 |
|  clk_IBUF_BUFG | pipe_u/u_mem_wb_reg/dest_reg_sel_o_reg[4]_0[0]                  | boot_inst/p_0_in                          |               21 |             32 |         1.52 |
|  clk_IBUF_BUFG | pipe_u/u_mem_wb_reg/dest_reg_sel_o_reg[4]_16[0]                 | boot_inst/p_0_in                          |               10 |             32 |         3.20 |
|  clk_IBUF_BUFG | pipe_u/u_mem_wb_reg/dest_reg_sel_o_reg[4]_7[0]                  | boot_inst/p_0_in                          |               20 |             32 |         1.60 |
|  clk_IBUF_BUFG | pipe_u/u_mem_wb_reg/dest_reg_sel_o_reg[3]_1[0]                  | boot_inst/p_0_in                          |               23 |             32 |         1.39 |
|  clk_IBUF_BUFG | pipe_u/u_mem_wb_reg/dest_reg_sel_o_reg[1]_2[0]                  | boot_inst/p_0_in                          |               13 |             32 |         2.46 |
|  clk_IBUF_BUFG | pipe_u/u_mem_wb_reg/dest_reg_sel_o_reg[3]_7[0]                  | boot_inst/p_0_in                          |               17 |             32 |         1.88 |
|  clk_IBUF_BUFG | pipe_u/u_mem_wb_reg/dest_reg_sel_o_reg[2]_8[0]                  | boot_inst/p_0_in                          |               26 |             32 |         1.23 |
|  clk_IBUF_BUFG | pipe_u/u_mem_wb_reg/dest_reg_sel_o_reg[2]_7[0]                  | boot_inst/p_0_in                          |               15 |             32 |         2.13 |
|  clk_IBUF_BUFG | pipe_u/u_mem_wb_reg/dest_reg_sel_o_reg[3]_2[0]                  | boot_inst/p_0_in                          |               22 |             32 |         1.45 |
|  clk_IBUF_BUFG | pipe_u/u_mem_wb_reg/dest_reg_sel_o_reg[4]_10[0]                 | boot_inst/p_0_in                          |                9 |             32 |         3.56 |
|  clk_IBUF_BUFG | pipe_u/u_mem_wb_reg/dest_reg_sel_o_reg[3]_8[0]                  | boot_inst/p_0_in                          |               15 |             32 |         2.13 |
|  clk_IBUF_BUFG | pipe_u/u_mem_wb_reg/dest_reg_sel_o_reg[3]_9[0]                  | boot_inst/p_0_in                          |               21 |             32 |         1.52 |
|  clk_IBUF_BUFG | pipe_u/u_mem_wb_reg/dest_reg_sel_o_reg[2]_9[0]                  | boot_inst/p_0_in                          |               22 |             32 |         1.45 |
|  clk_IBUF_BUFG | pipe_u/u_mem_wb_reg/dest_reg_sel_o_reg[4]_12[0]                 | boot_inst/p_0_in                          |               17 |             32 |         1.88 |
|  clk_IBUF_BUFG | pipe_u/u_mem_wb_reg/dest_reg_sel_o_reg[4]_1[0]                  | boot_inst/p_0_in                          |               21 |             32 |         1.52 |
|  clk_IBUF_BUFG | pipe_u/u_mem_wb_reg/dest_reg_sel_o_reg[1]_13[0]                 | boot_inst/p_0_in                          |               24 |             32 |         1.33 |
|  clk_IBUF_BUFG | pipe_u/u_mem_wb_reg/dest_reg_sel_o_reg[1]_10[0]                 | boot_inst/p_0_in                          |                9 |             32 |         3.56 |
|  clk_IBUF_BUFG | pipe_u/u_mem_wb_reg/dest_reg_sel_o_reg[0]_3[0]                  | boot_inst/p_0_in                          |               17 |             32 |         1.88 |
|  clk_IBUF_BUFG | pipe_u/u_mem_wb_reg/dest_reg_sel_o_reg[1]_12[0]                 | boot_inst/p_0_in                          |               11 |             32 |         2.91 |
|  clk_IBUF_BUFG | pipe_u/u_mem_wb_reg/dest_reg_sel_o_reg[1]_6[0]                  | boot_inst/p_0_in                          |               28 |             32 |         1.14 |
|  clk_IBUF_BUFG | pipe_u/u_mem_wb_reg/dest_reg_sel_o_reg[2]_0[0]                  | boot_inst/p_0_in                          |               16 |             32 |         2.00 |
|  clk_IBUF_BUFG | pipe_u/u_mem_wb_reg/dest_reg_sel_o_reg[1]_5[0]                  | boot_inst/p_0_in                          |               13 |             32 |         2.46 |
|  clk_IBUF_BUFG | axi_master_systolic_inst/m_axi_awaddr[7]_i_1__0_n_0             | boot_inst/p_0_in                          |               16 |             40 |         2.50 |
|  clk_IBUF_BUFG | axi_master_inst/m_axi_awaddr[7]_i_1_n_0                         | boot_inst/p_0_in                          |               18 |             40 |         2.22 |
|  clk_IBUF_BUFG | pipe_u/u_ex_stage/u_fpu/mant_res[47]_i_1_n_0                    | boot_inst/p_0_in                          |               33 |             48 |         1.45 |
|  clk_IBUF_BUFG |                                                                 | boot_inst/p_0_in                          |               32 |             49 |         1.53 |
|  clk_IBUF_BUFG | pipe_u/u_ex_stage/u_fpu/iter_acc[50]_i_1_n_0                    | boot_inst/p_0_in                          |               19 |             57 |         3.00 |
|  clk_IBUF_BUFG | HW_CORDIC/CORDIC_CORE/FSM_onehot_state_reg_n_0_[2]              | boot_inst/p_0_in                          |               16 |             64 |         4.00 |
|  clk_IBUF_BUFG | pipe_u/u_ex_stage/u_mult_div/accumulator[0]                     | boot_inst/p_0_in                          |               33 |             64 |         1.94 |
|  clk_IBUF_BUFG | pipe_u/u_ex_stage/u_mult_div/FSM_sequential_state_reg[1]_1[0]   | boot_inst/p_0_in                          |               23 |             64 |         2.78 |
|  clk_IBUF_BUFG |                                                                 | UART_INST/tx_fifo/reset                   |               27 |             79 |         2.93 |
|  clk_IBUF_BUFG | axi_master_systolic_inst/E[0]                                   | boot_inst/p_0_in                          |               39 |             88 |         2.26 |
|  clk_IBUF_BUFG | HW_CORDIC/CORDIC_CORE/iteration[4]_i_1_n_0                      | boot_inst/p_0_in                          |               28 |            101 |         3.61 |
|  clk_IBUF_BUFG | pipe_u/u_ex_stage/u_fpu/E[0]                                    | pipe_u/u_ex_stage/u_fpu/cpu_reset_reg     |               63 |            121 |         1.92 |
|  clk_IBUF_BUFG | HW_SYSTOLIC/final_out_3[31]_i_2_n_0                             | HW_SYSTOLIC/final_out_3[31]_i_1_n_0       |               39 |            128 |         3.28 |
|  clk_IBUF_BUFG | pipe_u/u_ex_stage/u_mult_div/FSM_sequential_state_reg[1]_1[0]   | pipe_u/u_if_id_reg/SR[0]                  |               91 |            244 |         2.68 |
|  clk_IBUF_BUFG | HW_SYSTOLIC/step_trigger_reg_n_0                                | boot_inst/p_0_in                          |              243 |            832 |         3.42 |
+----------------+-----------------------------------------------------------------+-------------------------------------------+------------------+----------------+--------------+


