Copyright 1986-2022 Xilinx, Inc. All Rights Reserved. Copyright 2022-2025 Advanced Micro Devices, Inc. All Rights Reserved.
---------------------------------------------------------------------------------------------------------------------------------------------
| Tool Version : Vivado v.2025.2 (win64) Build 6299465 Fri Nov 14 19:35:11 GMT 2025
| Date         : Mon Apr 20 00:58:04 2026
| Host         : DESKTOP-828PQJS running 64-bit major release  (build 9200)
| Command      : report_control_sets -verbose -file top_fpga_control_sets_placed.rpt
| Design       : top_fpga
| Device       : xc7a100t
---------------------------------------------------------------------------------------------------------------------------------------------

Control Set Information

Table of Contents
-----------------
1. Summary
2. Histogram
3. Flip-Flop Distribution
4. Detailed Control Set Information

1. Summary
----------

+----------------------------------------------------------+-------+
|                          Status                          | Count |
+----------------------------------------------------------+-------+
| Total control sets                                       |   113 |
|    Minimum number of control sets                        |   113 |
|    Addition due to synthesis replication                 |     0 |
|    Addition due to physical synthesis replication        |     0 |
| Unused register locations in slices containing registers |    65 |
+----------------------------------------------------------+-------+
* Control sets can be merged at opt_design using control_set_merge or merge_equivalent_drivers
** Run report_qor_suggestions for automated merging and remapping suggestions


2. Histogram
------------

+--------------------+-------+
|       Fanout       | Count |
+--------------------+-------+
| Total control sets |   113 |
| >= 0 to < 4        |     1 |
| >= 4 to < 6        |     1 |
| >= 6 to < 8        |     2 |
| >= 8 to < 10       |     4 |
| >= 10 to < 12      |     4 |
| >= 12 to < 14      |    17 |
| >= 14 to < 16      |     0 |
| >= 16              |    84 |
+--------------------+-------+
* Control sets can be remapped at either synth_design or opt_design


3. Flip-Flop Distribution
-------------------------

+--------------+-----------------------+------------------------+-----------------+--------------+
| Clock Enable | Synchronous Set/Reset | Asynchronous Set/Reset | Total Registers | Total Slices |
+--------------+-----------------------+------------------------+-----------------+--------------+
| No           | No                    | No                     |              13 |            7 |
| No           | No                    | Yes                    |              91 |           35 |
| No           | Yes                   | No                     |             210 |          104 |
| Yes          | No                    | No                     |               8 |            1 |
| Yes          | No                    | Yes                    |            1485 |          723 |
| Yes          | Yes                   | No                     |            1464 |          630 |
+--------------+-----------------------+------------------------+-----------------+--------------+


4. Detailed Control Set Information
-----------------------------------

+----------------+---------------------------------------------------+-------------------------------------------+------------------+----------------+--------------+
|  Clock Signal  |                   Enable Signal                   |              Set/Reset Signal             | Slice Load Count | Bel Load Count | Bels / Slice |
+----------------+---------------------------------------------------+-------------------------------------------+------------------+----------------+--------------+
|  clk_IBUF_BUFG |                                                   | UART_INST/tx_fifo/SR[0]                   |                1 |              1 |         1.00 |
|  cpu_clk       | UART_INST/rx_ticks__0[0]                          | UART_INST/tx_fifo/SR[0]                   |                1 |              4 |         4.00 |
|  cpu_clk       | pipe_u/u_ex_mem_reg/mem_read_o_reg_0              | pipe_u/u_ex_mem_reg/ex_result_o_reg[28]_0 |                1 |              6 |         6.00 |
|  cpu_clk       | pipe_u/u_ex_stage/u_mult_div/counter[0]           | boot_inst/p_0_in                          |                2 |              6 |         3.00 |
|  cpu_clk       | UART_INST/tx_fifo/E[0]                            | UART_INST/tx_fifo/SR[0]                   |                8 |              8 |         1.00 |
|  clk_IBUF_BUFG | UART_INST/uart_rx_ready                           |                                           |                1 |              8 |         8.00 |
|  cpu_clk       | UART_INST/rx_data[7]_i_1_n_0                      | UART_INST/tx_fifo/SR[0]                   |                1 |              8 |         8.00 |
|  cpu_clk       | UART_INST/rx_shift_reg__0[0]                      | UART_INST/tx_fifo/SR[0]                   |                2 |              8 |         4.00 |
|  cpu_clk       | pipe_u/u_ex_stage/u_fpu/exp_res[9]_i_1_n_0        | boot_inst/p_0_in                          |                8 |             10 |         1.25 |
|  cpu_clk       | pipe_u/u_ex_mem_reg/write_ptr0                    | UART_INST/tx_fifo/SR[0]                   |                4 |             11 |         2.75 |
|  cpu_clk       | boot_inst/boot_addr[2]_i_1_n_0                    | boot_inst/clear                           |                3 |             11 |         3.67 |
|  cpu_clk       | UART_INST/tx_fifo/read_ptr0                       | UART_INST/tx_fifo/SR[0]                   |                2 |             11 |         5.50 |
|  cpu_clk       | UART_INST/tx_fifo/memory_reg_0_63_0_2_i_4_n_0     |                                           |                3 |             12 |         4.00 |
|  cpu_clk       | UART_INST/tx_fifo/memory_reg_128_191_0_2_i_1_n_0  |                                           |                3 |             12 |         4.00 |
|  cpu_clk       | UART_INST/tx_fifo/memory_reg_192_255_0_2_i_1_n_0  |                                           |                3 |             12 |         4.00 |
|  cpu_clk       | UART_INST/tx_fifo/memory_reg_256_319_0_2_i_1_n_0  |                                           |                3 |             12 |         4.00 |
|  cpu_clk       | UART_INST/tx_fifo/memory_reg_384_447_0_2_i_1_n_0  |                                           |                3 |             12 |         4.00 |
|  cpu_clk       | UART_INST/tx_fifo/memory_reg_704_767_0_2_i_1_n_0  |                                           |                3 |             12 |         4.00 |
|  cpu_clk       | UART_INST/tx_fifo/memory_reg_448_511_0_2_i_1_n_0  |                                           |                3 |             12 |         4.00 |
|  cpu_clk       | UART_INST/tx_fifo/memory_reg_64_127_0_2_i_1_n_0   |                                           |                3 |             12 |         4.00 |
|  cpu_clk       | UART_INST/tx_fifo/memory_reg_640_703_0_2_i_1_n_0  |                                           |                3 |             12 |         4.00 |
|  cpu_clk       | UART_INST/tx_fifo/memory_reg_320_383_0_2_i_1_n_0  |                                           |                3 |             12 |         4.00 |
|  cpu_clk       | UART_INST/tx_fifo/memory_reg_512_575_0_2_i_1_n_0  |                                           |                3 |             12 |         4.00 |
|  cpu_clk       | UART_INST/tx_fifo/memory_reg_576_639_0_2_i_1_n_0  |                                           |                3 |             12 |         4.00 |
|  cpu_clk       | UART_INST/tx_fifo/memory_reg_960_1023_0_2_i_1_n_0 |                                           |                3 |             12 |         4.00 |
|  cpu_clk       | UART_INST/tx_fifo/memory_reg_768_831_0_2_i_1_n_0  |                                           |                3 |             12 |         4.00 |
|  cpu_clk       | UART_INST/tx_fifo/memory_reg_832_895_0_2_i_1_n_0  |                                           |                3 |             12 |         4.00 |
|  cpu_clk       | UART_INST/tx_fifo/memory_reg_896_959_0_2_i_1_n_0  |                                           |                3 |             12 |         4.00 |
|  cpu_clk       |                                                   |                                           |                7 |             13 |         1.86 |
|  cpu_clk       | pipe_u/u_ex_stage/u_fpu/iter_div[23]_i_1_n_0      | boot_inst/p_0_in                          |                8 |             24 |         3.00 |
|  cpu_clk       | boot_inst/bytes_received[31]_i_1_n_0              | boot_inst/clear                           |                5 |             30 |         6.00 |
|  cpu_clk       | pipe_u/u_if_id_reg/p_1_in                         | boot_inst/p_0_in                          |               15 |             32 |         2.13 |
|  cpu_clk       | pipe_u/u_ex_stage/u_mult_div/result[31]_i_1_n_0   | boot_inst/p_0_in                          |               19 |             32 |         1.68 |
|  cpu_clk       | pipe_u/u_mem_wb_reg/fp_reg_write_o_reg_4[0]       | boot_inst/p_0_in                          |               21 |             32 |         1.52 |
|  cpu_clk       | boot_inst/boot_wdata[31]_i_1_n_0                  | boot_inst/clear                           |               15 |             32 |         2.13 |
|  cpu_clk       | boot_inst/payload_size[0]                         | boot_inst/clear                           |               14 |             32 |         2.29 |
|  cpu_clk       | pipe_u/u_ex_stage/u_mult_div/divisor[0]           | boot_inst/p_0_in                          |               17 |             32 |         1.88 |
|  cpu_clk       | pipe_u/u_ex_stage/u_fpu/final_res[31]_i_1_n_0     | boot_inst/p_0_in                          |               23 |             32 |         1.39 |
|  cpu_clk       | pipe_u/u_id_ex_reg/E[0]                           | boot_inst/p_0_in                          |               22 |             32 |         1.45 |
|  cpu_clk       | pipe_u/u_id_ex_reg/E[0]                           | pipe_u/u_id_ex_reg/SR[0]                  |               10 |             32 |         3.20 |
|  cpu_clk       | pipe_u/u_mem_wb_reg/fp_reg_write_o_reg_10[0]      | boot_inst/p_0_in                          |               18 |             32 |         1.78 |
|  cpu_clk       | pipe_u/u_mem_wb_reg/fp_reg_write_o_reg_13[0]      | boot_inst/p_0_in                          |               11 |             32 |         2.91 |
|  cpu_clk       | pipe_u/u_mem_wb_reg/fp_reg_write_o_reg_14[0]      | boot_inst/p_0_in                          |               17 |             32 |         1.88 |
|  cpu_clk       | pipe_u/u_mem_wb_reg/fp_reg_write_o_reg_15[0]      | boot_inst/p_0_in                          |               15 |             32 |         2.13 |
|  cpu_clk       | pipe_u/u_mem_wb_reg/fp_reg_write_o_reg_16[0]      | boot_inst/p_0_in                          |               10 |             32 |         3.20 |
|  cpu_clk       | pipe_u/u_mem_wb_reg/fp_reg_write_o_reg_18[0]      | boot_inst/p_0_in                          |               13 |             32 |         2.46 |
|  cpu_clk       | pipe_u/u_mem_wb_reg/fp_reg_write_o_reg_19[0]      | boot_inst/p_0_in                          |                6 |             32 |         5.33 |
|  cpu_clk       | pipe_u/u_mem_wb_reg/fp_reg_write_o_reg_17[0]      | boot_inst/p_0_in                          |               12 |             32 |         2.67 |
|  cpu_clk       | pipe_u/u_mem_wb_reg/fp_reg_write_o_reg_11[0]      | boot_inst/p_0_in                          |               11 |             32 |         2.91 |
|  cpu_clk       | pipe_u/u_mem_wb_reg/fp_reg_write_o_reg_12[0]      | boot_inst/p_0_in                          |               14 |             32 |         2.29 |
|  cpu_clk       | pipe_u/u_mem_wb_reg/fp_reg_write_o_reg_24[0]      | boot_inst/p_0_in                          |               12 |             32 |         2.67 |
|  cpu_clk       | pipe_u/u_mem_wb_reg/fp_reg_write_o_reg_22[0]      | boot_inst/p_0_in                          |               14 |             32 |         2.29 |
|  cpu_clk       | pipe_u/u_mem_wb_reg/fp_reg_write_o_reg_26[0]      | boot_inst/p_0_in                          |               19 |             32 |         1.68 |
|  cpu_clk       | pipe_u/u_mem_wb_reg/fp_reg_write_o_reg_28[0]      | boot_inst/p_0_in                          |               17 |             32 |         1.88 |
|  cpu_clk       | pipe_u/u_mem_wb_reg/fp_reg_write_o_reg_20[0]      | boot_inst/p_0_in                          |               14 |             32 |         2.29 |
|  cpu_clk       | pipe_u/u_mem_wb_reg/fp_reg_write_o_reg_23[0]      | boot_inst/p_0_in                          |               12 |             32 |         2.67 |
|  cpu_clk       | pipe_u/u_mem_wb_reg/fp_reg_write_o_reg_25[0]      | boot_inst/p_0_in                          |               11 |             32 |         2.91 |
|  cpu_clk       | pipe_u/u_mem_wb_reg/fp_reg_write_o_reg_29[0]      | boot_inst/p_0_in                          |               16 |             32 |         2.00 |
|  cpu_clk       | pipe_u/u_mem_wb_reg/fp_reg_write_o_reg_21[0]      | boot_inst/p_0_in                          |               14 |             32 |         2.29 |
|  cpu_clk       | pipe_u/u_mem_wb_reg/fp_reg_write_o_reg_27[0]      | boot_inst/p_0_in                          |               22 |             32 |         1.45 |
|  cpu_clk       | pipe_u/u_mem_wb_reg/E[0]                          | boot_inst/p_0_in                          |               13 |             32 |         2.46 |
|  cpu_clk       | pipe_u/u_mem_wb_reg/csr_addr_o_reg[5]_0[0]        | boot_inst/p_0_in                          |               20 |             32 |         1.60 |
|  cpu_clk       | pipe_u/u_mem_wb_reg/csr_addr_o_reg[5]_1[0]        | boot_inst/p_0_in                          |               20 |             32 |         1.60 |
|  cpu_clk       | pipe_u/u_mem_wb_reg/csr_addr_o_reg[5]_2[0]        | boot_inst/p_0_in                          |               15 |             32 |         2.13 |
|  cpu_clk       | pipe_u/u_mem_wb_reg/dest_reg_sel_o_reg[1]_1[0]    | boot_inst/p_0_in                          |                8 |             32 |         4.00 |
|  cpu_clk       | pipe_u/u_mem_wb_reg/dest_reg_sel_o_reg[1]_3[0]    | boot_inst/p_0_in                          |                9 |             32 |         3.56 |
|  cpu_clk       | pipe_u/u_mem_wb_reg/dest_reg_sel_o_reg[1]_5[0]    | boot_inst/p_0_in                          |                9 |             32 |         3.56 |
|  cpu_clk       | pipe_u/u_mem_wb_reg/dest_reg_sel_o_reg[1]_6[0]    | boot_inst/p_0_in                          |               22 |             32 |         1.45 |
|  cpu_clk       | pipe_u/u_mem_wb_reg/dest_reg_sel_o_reg[1]_2[0]    | boot_inst/p_0_in                          |                9 |             32 |         3.56 |
|  cpu_clk       | pipe_u/u_mem_wb_reg/dest_reg_sel_o_reg[2]_0[0]    | boot_inst/p_0_in                          |               10 |             32 |         3.20 |
|  cpu_clk       | pipe_u/u_mem_wb_reg/dest_reg_sel_o_reg[2]_3[0]    | boot_inst/p_0_in                          |               10 |             32 |         3.20 |
|  cpu_clk       | pipe_u/u_mem_wb_reg/dest_reg_sel_o_reg[2]_4[0]    | boot_inst/p_0_in                          |               11 |             32 |         2.91 |
|  cpu_clk       | pipe_u/u_mem_wb_reg/dest_reg_sel_o_reg[2]_8[0]    | boot_inst/p_0_in                          |               14 |             32 |         2.29 |
|  cpu_clk       | pipe_u/u_mem_wb_reg/dest_reg_sel_o_reg[1]_4[0]    | boot_inst/p_0_in                          |                8 |             32 |         4.00 |
|  cpu_clk       | pipe_u/u_mem_wb_reg/dest_reg_sel_o_reg[2]_9[0]    | boot_inst/p_0_in                          |               18 |             32 |         1.78 |
|  cpu_clk       | pipe_u/u_mem_wb_reg/dest_reg_sel_o_reg[2]_5[0]    | boot_inst/p_0_in                          |               11 |             32 |         2.91 |
|  cpu_clk       | pipe_u/u_mem_wb_reg/dest_reg_sel_o_reg[2]_7[0]    | boot_inst/p_0_in                          |               12 |             32 |         2.67 |
|  cpu_clk       | pipe_u/u_mem_wb_reg/dest_reg_sel_o_reg[3]_1[0]    | boot_inst/p_0_in                          |               22 |             32 |         1.45 |
|  cpu_clk       | pipe_u/u_mem_wb_reg/dest_reg_sel_o_reg[3]_2[0]    | boot_inst/p_0_in                          |                7 |             32 |         4.57 |
|  cpu_clk       | pipe_u/u_mem_wb_reg/dest_reg_sel_o_reg[3]_3[0]    | boot_inst/p_0_in                          |               31 |             32 |         1.03 |
|  cpu_clk       | pipe_u/u_mem_wb_reg/dest_reg_sel_o_reg[3]_0[0]    | boot_inst/p_0_in                          |               11 |             32 |         2.91 |
|  cpu_clk       | pipe_u/u_mem_wb_reg/dest_reg_sel_o_reg[4]_0[0]    | boot_inst/p_0_in                          |               14 |             32 |         2.29 |
|  cpu_clk       | pipe_u/u_mem_wb_reg/dest_reg_sel_o_reg[1]_0[0]    | boot_inst/p_0_in                          |               27 |             32 |         1.19 |
|  cpu_clk       | pipe_u/u_mem_wb_reg/dest_reg_sel_o_reg[4]_1[0]    | boot_inst/p_0_in                          |               14 |             32 |         2.29 |
|  cpu_clk       | pipe_u/u_mem_wb_reg/dest_reg_sel_o_reg[2]_1[0]    | boot_inst/p_0_in                          |                9 |             32 |         3.56 |
|  cpu_clk       | pipe_u/u_mem_wb_reg/dest_reg_sel_o_reg[4]_3[0]    | boot_inst/p_0_in                          |               18 |             32 |         1.78 |
|  cpu_clk       | pipe_u/u_mem_wb_reg/dest_reg_sel_o_reg[1]_8[0]    | boot_inst/p_0_in                          |               10 |             32 |         3.20 |
|  cpu_clk       | pipe_u/u_mem_wb_reg/dest_reg_sel_o_reg[4]_4[0]    | boot_inst/p_0_in                          |               16 |             32 |         2.00 |
|  cpu_clk       | pipe_u/u_mem_wb_reg/dest_reg_sel_o_reg[4]_5[0]    | boot_inst/p_0_in                          |               17 |             32 |         1.88 |
|  cpu_clk       | pipe_u/u_mem_wb_reg/dest_reg_sel_o_reg[1]_9[0]    | boot_inst/p_0_in                          |               16 |             32 |         2.00 |
|  cpu_clk       | pipe_u/u_mem_wb_reg/dest_reg_sel_o_reg[2]_6[0]    | boot_inst/p_0_in                          |               12 |             32 |         2.67 |
|  cpu_clk       | pipe_u/u_mem_wb_reg/dest_reg_sel_o_reg[4]_6[0]    | boot_inst/p_0_in                          |               28 |             32 |         1.14 |
|  cpu_clk       | pipe_u/u_mem_wb_reg/dest_reg_sel_o_reg[2]_2[0]    | boot_inst/p_0_in                          |                9 |             32 |         3.56 |
|  cpu_clk       | pipe_u/u_mem_wb_reg/dest_reg_sel_o_reg[1]_7[0]    | boot_inst/p_0_in                          |               13 |             32 |         2.46 |
|  cpu_clk       | pipe_u/u_mem_wb_reg/fp_reg_write_o_reg_8[0]       | boot_inst/p_0_in                          |               21 |             32 |         1.52 |
|  cpu_clk       | pipe_u/u_mem_wb_reg/fp_reg_write_o_reg_30[0]      | boot_inst/p_0_in                          |               13 |             32 |         2.46 |
|  cpu_clk       | pipe_u/u_mem_wb_reg/fp_reg_write_o_reg_33[0]      | boot_inst/p_0_in                          |               15 |             32 |         2.13 |
|  cpu_clk       | pipe_u/u_mem_wb_reg/dest_reg_sel_o_reg[4]_2[0]    | boot_inst/p_0_in                          |               18 |             32 |         1.78 |
|  cpu_clk       | pipe_u/u_mem_wb_reg/fp_reg_write_o_reg_31[0]      | boot_inst/p_0_in                          |               19 |             32 |         1.68 |
|  cpu_clk       | pipe_u/u_mem_wb_reg/fp_reg_write_o_reg_7[0]       | boot_inst/p_0_in                          |               16 |             32 |         2.00 |
|  cpu_clk       | pipe_u/u_mem_wb_reg/fp_reg_write_o_reg_34[0]      | boot_inst/p_0_in                          |               12 |             32 |         2.67 |
|  cpu_clk       | pipe_u/u_mem_wb_reg/fp_reg_write_o_reg_6[0]       | boot_inst/p_0_in                          |               20 |             32 |         1.60 |
|  cpu_clk       | pipe_u/u_mem_wb_reg/fp_reg_write_o_reg_32[0]      | boot_inst/p_0_in                          |               18 |             32 |         1.78 |
|  cpu_clk       | pipe_u/u_mem_wb_reg/fp_reg_write_o_reg_35[0]      | boot_inst/p_0_in                          |               13 |             32 |         2.46 |
|  cpu_clk       | pipe_u/u_mem_wb_reg/fp_reg_write_o_reg_5[0]       | boot_inst/p_0_in                          |               23 |             32 |         1.39 |
|  cpu_clk       | pipe_u/u_mem_wb_reg/fp_reg_write_o_reg_9[0]       | boot_inst/p_0_in                          |               15 |             32 |         2.13 |
|  cpu_clk       | pipe_u/u_ex_stage/u_fpu/mant_res[47]_i_1_n_0      | boot_inst/p_0_in                          |               28 |             48 |         1.71 |
|  cpu_clk       | pipe_u/u_ex_stage/u_fpu/iter_acc[50]_i_1_n_0      | boot_inst/p_0_in                          |               17 |             57 |         3.35 |
|  cpu_clk       | pipe_u/u_ex_stage/u_mult_div/accumulator[0]       | boot_inst/p_0_in                          |               37 |             64 |         1.73 |
|  cpu_clk       |                                                   | UART_INST/tx_fifo/SR[0]                   |               26 |             79 |         3.04 |
|  cpu_clk       |                                                   | boot_inst/p_0_in                          |               53 |            100 |         1.89 |
|  cpu_clk       |                                                   | pipe_u/u_ex_stage/u_mult_div/fp_en_o_reg  |               59 |            121 |         2.05 |
|  cpu_clk       | pipe_u/u_id_ex_reg/E[0]                           | pipe_u/u_id_ex_reg/pc_o[31]_i_1_n_0       |               96 |            243 |         2.53 |
+----------------+---------------------------------------------------+-------------------------------------------+------------------+----------------+--------------+


